kotlin version: 2.0.21
error message: java.lang.NullPointerException
	at com.google.devtools.ksp.symbol.impl.java.KSClassDeclarationJavaImpl$qualifiedName$2.invoke(KSClassDeclarationJavaImpl.kt:133)
	at com.google.devtools.ksp.symbol.impl.java.KSClassDeclarationJavaImpl$qualifiedName$2.invoke(KSClassDeclarationJavaImpl.kt:132)
	at kotlin.SynchronizedLazyImpl.getValue(LazyJVM.kt:74)
	at com.google.devtools.ksp.symbol.impl.java.KSClassDeclarationJavaImpl.getQualifiedName(KSClassDeclarationJavaImpl.kt:132)
	at com.google.devtools.ksp.processing.impl.ResolverImpl$visitor$1.visitClassDeclaration(ResolverImpl.kt:200)
	at com.google.devtools.ksp.processing.impl.ResolverImpl$visitor$1.visitClassDeclaration(ResolverImpl.kt:188)
	at com.google.devtools.ksp.symbol.impl.java.KSClassDeclarationJavaImpl.accept(KSClassDeclarationJavaImpl.kt:166)
	at com.google.devtools.ksp.processing.impl.ResolverImpl$visitor$1.visitFile(ResolverImpl.kt:190)
	at com.google.devtools.ksp.processing.impl.ResolverImpl$visitor$1.visitFile(ResolverImpl.kt:188)
	at com.google.devtools.ksp.symbol.impl.java.KSFileJavaImpl.accept(KSFileJavaImpl.kt:56)
	at com.google.devtools.ksp.processing.impl.ResolverImpl.<init>(ResolverImpl.kt:216)
	at com.google.devtools.ksp.AbstractKotlinSymbolProcessingExtension.doAnalysis(KotlinSymbolProcessingExtension.kt:221)
	at org.jetbrains.kotlin.cli.jvm.compiler.TopDownAnalyzerFacadeForJVM.analyzeFilesWithJavaIntegration(TopDownAnalyzerFacadeForJVM.kt:112)
	at org.jetbrains.kotlin.cli.jvm.compiler.TopDownAnalyzerFacadeForJVM.analyzeFilesWithJavaIntegration$default(TopDownAnalyzerFacadeForJVM.kt:75)
	at org.jetbrains.kotlin.cli.jvm.compiler.KotlinToJVMBytecodeCompiler.analyze$lambda$12(KotlinToJVMBytecodeCompiler.kt:373)
	at org.jetbrains.kotlin.cli.common.messages.AnalyzerWithCompilerReport.analyzeAndReport(AnalyzerWithCompilerReport.kt:112)
	at org.jetbrains.kotlin.cli.jvm.compiler.KotlinToJVMBytecodeCompiler.analyze(KotlinToJVMBytecodeCompiler.kt:364)
	at org.jetbrains.kotlin.cli.jvm.compiler.KotlinToJVMBytecodeCompiler.runFrontendAndGenerateIrUsingClassicFrontend(KotlinToJVMBytecodeCompiler.kt:195)
	at org.jetbrains.kotlin.cli.jvm.compiler.KotlinToJVMBytecodeCompiler.compileModules$cli(KotlinToJVMBytecodeCompiler.kt:106)
	at org.jetbrains.kotlin.cli.jvm.K2JVMCompiler.doExecute(K2JVMCompiler.kt:170)
	at org.jetbrains.kotlin.cli.jvm.K2JVMCompiler.doExecute(K2JVMCompiler.kt:43)
	at org.jetbrains.kotlin.cli.common.CLICompiler.execImpl(CLICompiler.kt:103)
	at org.jetbrains.kotlin.cli.common.CLICompiler.execImpl(CLICompiler.kt:49)
	at org.jetbrains.kotlin.cli.common.CLITool.exec(CLITool.kt:101)
	at org.jetbrains.kotlin.cli.common.CLITool.exec(CLITool.kt:79)
	at org.jetbrains.kotlin.cli.common.CLICompiler.execAndOutputXml(CLICompiler.kt:65)
	at java.base/jdk.internal.reflect.DirectMethodHandleAccessor.invoke(Unknown Source)
	at java.base/java.lang.reflect.Method.invoke(Unknown Source)
	at org.jetbrains.kotlin.compilerRunner.GradleKotlinCompilerWork.compileInProcessImpl(GradleKotlinCompilerWork.kt:391)
	at org.jetbrains.kotlin.compilerRunner.GradleKotlinCompilerWork.access$compileInProcessImpl(GradleKotlinCompilerWork.kt:85)
	at org.jetbrains.kotlin.compilerRunner.GradleKotlinCompilerWork$compileInProcess$future$1.call(GradleKotlinCompilerWork.kt:364)
	at org.jetbrains.kotlin.compilerRunner.GradleKotlinCompilerWork$compileInProcess$future$1.call(GradleKotlinCompilerWork.kt:363)
	at java.base/java.util.concurrent.FutureTask.run(Unknown Source)
	at java.base/java.util.concurrent.ThreadPoolExecutor.runWorker(Unknown Source)
	at java.base/java.util.concurrent.ThreadPoolExecutor$Worker.run(Unknown Source)
	at java.base/java.lang.Thread.run(Unknown Source)


